========================================================================================================
[A9] sensitivity of lambda* to the three unverified A9 constants
[A9] seeds=20 learners=200 problems=15 bootstrap=200
========================================================================================================

### damping  (field `delivery_damping`, reference 0.75)
  value |  theta |   lam* |       boot lam* |   gain* |     left |    right |  attr | verdict
--------------------------------------------------------------------------------------------------------
  0.250 |  0.148 |   0.35 |    0.35+-0.01  |  0.5111 |  +0.3919 |  +0.0468 |  86% | SUPPORTED
  0.500 |  0.148 |   0.30 |    0.30+-0.00  |  0.5000 |  +0.3808 |  +0.1472 |  86% | SUPPORTED
  0.750 |  0.148 |   0.30 |    0.30+-0.00  |  0.4957 |  +0.3765 |  +0.3040 |  86% | SUPPORTED
  1.000 |  0.148 |   0.30 |    0.30+-0.00  |  0.4888 |  +0.3696 |  +0.4585 |  86% | SUPPORTED
  1.250 |  0.148 |   0.30 |    0.30+-0.00  |  0.4863 |  +0.3671 |  +0.4764 |  86% | SUPPORTED
  0.000 |  0.148 |   0.60 |    0.64+-0.07  |  0.5449 |  +0.4257 |  +0.0029 |  88% | REJECTED  (structural: excluded from spread)
  equivariance — grid solved so the DELIVERED fraction is constant:
  value |  lam* (grid) |     delivered fraction |   gain* |    right |  attr | verdict
--------------------------------------------------------------------------------------------------------
  0.250 |         0.35 |                 0.9431 |  0.5079 |  +0.0405 |  91% | SUPPORTED
  0.500 |         0.32 |                 0.9431 |  0.5003 |  +0.1452 |  84% | SUPPORTED
  0.750 |         0.30 |                 0.9431 |  0.4957 |  +0.3040 |  86% | SUPPORTED
  1.000 |         0.29 |                 0.9431 |  0.4942 |  +0.3046 |  85% | SUPPORTED
  1.250 |         0.28 |                 0.9431 |  0.4883 |  +0.3002 |  85% | SUPPORTED
  -> lambda* over non-structural values: [0.35, 0.3, 0.3, 0.3, 0.3]
  -> spread, grid units       = 0.05
  -> spread, invariant units  = 0.00
  -> SUPPORTED for 5/5 non-structural values
  -> attribution share range  = 86% – 88%

========================================================================================================
OVERALL
========================================================================================================
  damping    lambda* spread 0.05 over 5 values | SUPPORTED 5/5 | attribution 86%-88%

  Reading: the EXISTENCE of the boundary and the ATTRIBUTION SHARE
  should be stable across every A9 value. The LOCATION of lambda* is
  expected to move and must be reported as an interval, not a point.

[A9] json -> .\m2_a9_sensitivity_v2.json
[A9] csv  -> .\m2_a9_sensitivity_v2.csv
A9_damping_EXIT=0
