file                                              KB   pg  font KB  share  fonts
--------------------------------------------------------------------------------------------------------------
ok   00_定位与口径_术语翻译表.pdf                              954    4      829   87%  ['Microsoft YaHei Regular']
ok   01_theoretical_framework_en.pdf                 979    5      829   85%  ['Microsoft YaHei Regular']
ok   02_系统架构与交互协议.pdf                                922    2      829   90%  ['Microsoft YaHei Regular']
ok   03_408知识图谱骨架.pdf                                914    3      829   91%  ['Microsoft YaHei Regular']
ok   04_题库方案与测量.pdf                                  904    3      829   92%  ['Microsoft YaHei Regular']
ok   05_论文大纲.pdf                                     927    4      829   90%  ['Microsoft YaHei Regular']
ok   06_苏格拉底引导代表作精读与缺口分析.pdf                        1131    9      829   73%  ['Microsoft YaHei Regular']
ok   07_Introduction动机链_原文证据锚定.pdf                  1447   15      829   57%  ['Microsoft YaHei Regular']
ok   08_M2实验审计记录.pdf                                1281   11      829   65%  ['Microsoft YaHei Regular']
ok   09_方向决策备忘.pdf                                  1438   14      829   58%  ['Microsoft YaHei Regular']
ok   10_汇报_选题过程_微信版.pdf                              866    3      829   96%  ['Microsoft YaHei Regular']
ok   11_论文成稿进度地图.pdf                                 936    3      829   89%  ['Microsoft YaHei Regular']
FAIL 12_待决策清单.pdf                                   4918    5     4711   96%  ['Microsoft YaHei Regular', 'Droid Sans Fallback Regular', 'Noto Emoji Regular']
ok   FEDC投稿_引导式多智能体_深度研究报告.pdf                      1054    8      829   79%  ['Microsoft YaHei Regular']
ok   README.pdf                                     1017    5      829   82%  ['Microsoft YaHei Regular']

[pdf-hygiene] FAIL: 1/15 PDF(s) need a rebuild
   12_待决策清单.pdf: fallback-font:['Droid Sans Fallback Regular']; bloat(96%)
   FIX: python _fontsub.py && python md2pdf.py
