========================================================================================================
[DURABLE-FACTOR] sensitivity of the A3 mechanism (level-dependent durability)
[DURABLE-FACTOR] seeds=20 learners=200 problems=15
========================================================================================================
 contrast |       durable_factor |  theta |   lam* |   gain* |     left |    right |  attr | verdict
--------------------------------------------------------------------------------------------------------
     0.00 | (1.00,1.00,1.00)      |  0.195 |   0.25 |  0.5258 |  +0.4018 |  +0.3340 |  87% | SUPPORTED  <- NO attenuation (mutation case)
     0.50 | (1.00,0.86,0.73)      |  0.200 |   0.25 |  0.5054 |  +0.3846 |  +0.3136 |  86% | SUPPORTED
     1.00 | (1.00,0.72,0.46)      |  0.148 |   0.30 |  0.4957 |  +0.3765 |  +0.3040 |  86% | SUPPORTED  <- default
     1.25 | (1.00,0.65,0.32)      |  0.139 |   0.30 |  0.4964 |  +0.3767 |  +0.3047 |  86% | SUPPORTED
     1.50 | (1.00,0.58,0.19)      |  0.123 |   0.30 |  0.4965 |  +0.3787 |  +0.3047 |  86% | SUPPORTED
     2.00 | (1.00,0.44,0.00)      |  0.104 |   0.30 |  0.4953 |  +0.3776 |  +0.3036 |  86% | SUPPORTED

========================================================================================================
SUMMARY
========================================================================================================
  durable_factor is LIVENESS-verified if c=0 differs from c=1:
    gain*  0.4957 -> 0.5258 (delta +0.0300)
    lam*   0.30 -> 0.25
    => parameter is LIVE (good)
  lambda* across contrast [0.0, 0.5, 1.0, 1.25, 1.5, 2.0]: [0.25, 0.25, 0.3, 0.3, 0.3, 0.3]  spread=0.05
  attribution share range: 86% - 87%
  SUPPORTED for 6/6 values of the contrast

  Reading: A3 ('more explicit help is less durable') is load-bearing
  iff removing the attenuation (contrast 0) changes the numbers. The
  KEY question for the paper is whether lambda* MOVES with the
  contrast, because a boundary that shifts whenever an unmeasured
  constant is perturbed must be reported as an interval, not a point.

[DURABLE-FACTOR] json -> .\m2_durable_factor_sensitivity.json
[DURABLE-FACTOR] csv  -> .\m2_durable_factor_sensitivity.csv
DF_EXIT=0
