[subset] shipped subset does not cover all sources -> rebuilding
[subset] source=msyh.ttc chars=1407 -> target=_sage_subset.ttf
MERG NOT subset; don't know how to subset; dropped
meta NOT subset; don't know how to subset; dropped
[subset] CJK subset -> 803 KB
[subset] *** WARNING: 4 chars uncovered ***
[subset]     '📦🔒🗺🧭'
[subset] ADD THESE TO SYMBOL_MAP in _fontsub.py, else PyMuPDF embeds its 3.4 MB fallback font and every PDF grows ~5x:
    "\U0001f4e6": "?",   # '📦'
    "\U0001f512": "?",   # '🔒'
    "\U0001f5fa": "?",   # '🗺'
    "\U0001f9ed": "?",   # '🧭'
[subset] wrote E:\Program\MARL\SAGE\_sage_subset.ttf (803 KB, from 18.8 MB)

[*] FEDC投稿_引导式多智能体_深度研究报告.md  (15142 chars)
    -> E:\Program\MARL\SAGE\pdf\FEDC投稿_引导式多智能体_深度研究报告.pdf  (1026 KB, engine=pymupdf)
[*] README.md  (7657 chars)
    -> E:\Program\MARL\SAGE\pdf\README.pdf  (1384 KB, engine=pymupdf)
    !! BLOATED: fallback font(s) embedded: ['Noto Sans Symbols2 Regular']
    !! the subset _sage_subset.ttf is STALE -- rebuild it with: python _fontsub.py
[*] 00_定位与口径_术语翻译表.md  (4573 chars)
    -> E:\Program\MARL\SAGE\pdf\00_定位与口径_术语翻译表.pdf  (910 KB, engine=pymupdf)
[*] 01_theoretical_framework_en.md  (14899 chars)
    -> E:\Program\MARL\SAGE\pdf\01_theoretical_framework_en.pdf  (952 KB, engine=pymupdf)
[*] 02_系统架构与交互协议.md  (2579 chars)
    -> E:\Program\MARL\SAGE\pdf\02_系统架构与交互协议.pdf  (895 KB, engine=pymupdf)
[*] 03_408知识图谱骨架.md  (2474 chars)
    -> E:\Program\MARL\SAGE\pdf\03_408知识图谱骨架.pdf  (887 KB, engine=pymupdf)
[*] 04_题库方案与测量.md  (3295 chars)
    -> E:\Program\MARL\SAGE\pdf\04_题库方案与测量.pdf  (877 KB, engine=pymupdf)
[*] 05_论文大纲.md  (5365 chars)
    -> E:\Program\MARL\SAGE\pdf\05_论文大纲.pdf  (898 KB, engine=pymupdf)
[*] 06_苏格拉底引导代表作精读与缺口分析.md  (14079 chars)
    -> E:\Program\MARL\SAGE\pdf\06_苏格拉底引导代表作精读与缺口分析.pdf  (1079 KB, engine=pymupdf)
[*] 07_Introduction动机链_原文证据锚定.md  (36687 chars)
    -> E:\Program\MARL\SAGE\pdf\07_Introduction动机链_原文证据锚定.pdf  (1354 KB, engine=pymupdf)
[*] 08_M2实验审计记录.md  (18104 chars)
    -> E:\Program\MARL\SAGE\pdf\08_M2实验审计记录.pdf  (1254 KB, engine=pymupdf)
[*] 09_方向决策备忘.md  (19579 chars)
    -> E:\Program\MARL\SAGE\pdf\09_方向决策备忘.pdf  (1298 KB, engine=pymupdf)
[*] 10_汇报_选题过程_微信版.md  (1773 chars)
    -> E:\Program\MARL\SAGE\pdf\10_汇报_选题过程_微信版.pdf  (830 KB, engine=pymupdf)
[*] 11_论文成稿进度地图.md  (3037 chars)
    -> E:\Program\MARL\SAGE\pdf\11_论文成稿进度地图.pdf  (909 KB, engine=pymupdf)

[done] 14 ok, 0 failed
  !! 1 PDF(s) embed a fallback font (subset stale):
     README.md
     FIX: python _fontsub.py   then re-run this script
  output dir: E:\Program\MARL\SAGE\pdf
